Archive member included to satisfy reference by file (symbol)

/home/faoziaziz/Documents/installer/gcc-arm-none-eabi-7-2017-q4-major-linux/gcc-arm-none-eabi-7-2017-q4-major/bin/../lib/gcc/arm-none-eabi/7.2.1/../../../../arm-none-eabi/lib/thumb/v7e-m/fpv4-sp/hard/libc_nano.a(lib_a-exit.o)
                              /home/faoziaziz/Documents/installer/gcc-arm-none-eabi-7-2017-q4-major-linux/gcc-arm-none-eabi-7-2017-q4-major/bin/../lib/gcc/arm-none-eabi/7.2.1/../../../../arm-none-eabi/lib/thumb/v7e-m/fpv4-sp/hard/crt0.o (exit)
/home/faoziaziz/Documents/installer/gcc-arm-none-eabi-7-2017-q4-major-linux/gcc-arm-none-eabi-7-2017-q4-major/bin/../lib/gcc/arm-none-eabi/7.2.1/../../../../arm-none-eabi/lib/thumb/v7e-m/fpv4-sp/hard/libc_nano.a(lib_a-impure.o)
                              /home/faoziaziz/Documents/installer/gcc-arm-none-eabi-7-2017-q4-major-linux/gcc-arm-none-eabi-7-2017-q4-major/bin/../lib/gcc/arm-none-eabi/7.2.1/../../../../arm-none-eabi/lib/thumb/v7e-m/fpv4-sp/hard/libc_nano.a(lib_a-exit.o) (_global_impure_ptr)
/home/faoziaziz/Documents/installer/gcc-arm-none-eabi-7-2017-q4-major-linux/gcc-arm-none-eabi-7-2017-q4-major/bin/../lib/gcc/arm-none-eabi/7.2.1/../../../../arm-none-eabi/lib/thumb/v7e-m/fpv4-sp/hard/libc_nano.a(lib_a-init.o)
                              /home/faoziaziz/Documents/installer/gcc-arm-none-eabi-7-2017-q4-major-linux/gcc-arm-none-eabi-7-2017-q4-major/bin/../lib/gcc/arm-none-eabi/7.2.1/../../../../arm-none-eabi/lib/thumb/v7e-m/fpv4-sp/hard/crt0.o (__libc_init_array)
/home/faoziaziz/Documents/installer/gcc-arm-none-eabi-7-2017-q4-major-linux/gcc-arm-none-eabi-7-2017-q4-major/bin/../lib/gcc/arm-none-eabi/7.2.1/../../../../arm-none-eabi/lib/thumb/v7e-m/fpv4-sp/hard/libc_nano.a(lib_a-memset.o)
                              /home/faoziaziz/Documents/installer/gcc-arm-none-eabi-7-2017-q4-major-linux/gcc-arm-none-eabi-7-2017-q4-major/bin/../lib/gcc/arm-none-eabi/7.2.1/../../../../arm-none-eabi/lib/thumb/v7e-m/fpv4-sp/hard/crt0.o (memset)
/home/faoziaziz/Documents/installer/gcc-arm-none-eabi-7-2017-q4-major-linux/gcc-arm-none-eabi-7-2017-q4-major/bin/../lib/gcc/arm-none-eabi/7.2.1/../../../../arm-none-eabi/lib/thumb/v7e-m/fpv4-sp/hard/libnosys.a(_exit.o)
                              /home/faoziaziz/Documents/installer/gcc-arm-none-eabi-7-2017-q4-major-linux/gcc-arm-none-eabi-7-2017-q4-major/bin/../lib/gcc/arm-none-eabi/7.2.1/../../../../arm-none-eabi/lib/thumb/v7e-m/fpv4-sp/hard/libc_nano.a(lib_a-exit.o) (_exit)
/home/faoziaziz/Documents/installer/gcc-arm-none-eabi-7-2017-q4-major-linux/gcc-arm-none-eabi-7-2017-q4-major/bin/../lib/gcc/arm-none-eabi/7.2.1/thumb/v7e-m/fpv4-sp/hard/libgcc.a(_aeabi_uldivmod.o)
                              build/stm32f4xx_hal_rcc.o (__aeabi_uldivmod)
/home/faoziaziz/Documents/installer/gcc-arm-none-eabi-7-2017-q4-major-linux/gcc-arm-none-eabi-7-2017-q4-major/bin/../lib/gcc/arm-none-eabi/7.2.1/thumb/v7e-m/fpv4-sp/hard/libgcc.a(_udivmoddi4.o)
                              /home/faoziaziz/Documents/installer/gcc-arm-none-eabi-7-2017-q4-major-linux/gcc-arm-none-eabi-7-2017-q4-major/bin/../lib/gcc/arm-none-eabi/7.2.1/thumb/v7e-m/fpv4-sp/hard/libgcc.a(_aeabi_uldivmod.o) (__udivmoddi4)
/home/faoziaziz/Documents/installer/gcc-arm-none-eabi-7-2017-q4-major-linux/gcc-arm-none-eabi-7-2017-q4-major/bin/../lib/gcc/arm-none-eabi/7.2.1/thumb/v7e-m/fpv4-sp/hard/libgcc.a(_dvmd_tls.o)
                              /home/faoziaziz/Documents/installer/gcc-arm-none-eabi-7-2017-q4-major-linux/gcc-arm-none-eabi-7-2017-q4-major/bin/../lib/gcc/arm-none-eabi/7.2.1/thumb/v7e-m/fpv4-sp/hard/libgcc.a(_aeabi_uldivmod.o) (__aeabi_ldiv0)

Allocating common symbols
Common symbol       size              file

uwTick              0x4               build/stm32f4xx_hal.o
pFlash              0x20              build/stm32f4xx_hal_flash.o

Discarded input sections

 .text          0x0000000000000000        0x0 /home/faoziaziz/Documents/installer/gcc-arm-none-eabi-7-2017-q4-major-linux/gcc-arm-none-eabi-7-2017-q4-major/bin/../lib/gcc/arm-none-eabi/7.2.1/thumb/v7e-m/fpv4-sp/hard/crti.o
 .data          0x0000000000000000        0x0 /home/faoziaziz/Documents/installer/gcc-arm-none-eabi-7-2017-q4-major-linux/gcc-arm-none-eabi-7-2017-q4-major/bin/../lib/gcc/arm-none-eabi/7.2.1/thumb/v7e-m/fpv4-sp/hard/crti.o
 .bss           0x0000000000000000        0x0 /home/faoziaziz/Documents/installer/gcc-arm-none-eabi-7-2017-q4-major-linux/gcc-arm-none-eabi-7-2017-q4-major/bin/../lib/gcc/arm-none-eabi/7.2.1/thumb/v7e-m/fpv4-sp/hard/crti.o
 .data          0x0000000000000000        0x4 /home/faoziaziz/Documents/installer/gcc-arm-none-eabi-7-2017-q4-major-linux/gcc-arm-none-eabi-7-2017-q4-major/bin/../lib/gcc/arm-none-eabi/7.2.1/thumb/v7e-m/fpv4-sp/hard/crtbegin.o
 .text          0x0000000000000000       0x74 /home/faoziaziz/Documents/installer/gcc-arm-none-eabi-7-2017-q4-major-linux/gcc-arm-none-eabi-7-2017-q4-major/bin/../lib/gcc/arm-none-eabi/7.2.1/../../../../arm-none-eabi/lib/thumb/v7e-m/fpv4-sp/hard/crt0.o
[...]
Memory Configuration

Name             Origin             Length             Attributes
RAM              0x0000000020000000 0x0000000000020000 xrw
CCMRAM           0x0000000010000000 0x0000000000010000 rw
FLASH            0x0000000008000000 0x0000000000100000 xr
*default*        0x0000000000000000 0xffffffffffffffff

Linker script and memory map

LOAD /home/faoziaziz/Documents/installer/gcc-arm-none-eabi-7-2017-q4-major-linux/gcc-arm-none-eabi-7-2017-q4-major/bin/../lib/gcc/arm-none-eabi/7.2.1/thumb/v7e-m/fpv4-sp/hard/crti.o
LOAD /home/faoziaziz/Documents/installer/gcc-arm-none-eabi-7-2017-q4-major-linux/gcc-arm-none-eabi-7-2017-q4-major/bin/../lib/gcc/arm-none-eabi/7.2.1/thumb/v7e-m/fpv4-sp/hard/crtbegin.o
LOAD /home/faoziaziz/Documents/installer/gcc-arm-none-eabi-7-2017-q4-major-linux/gcc-arm-none-eabi-7-2017-q4-major/bin/../lib/gcc/arm-none-eabi/7.2.1/../../../../arm-none-eabi/lib/thumb/v7e-m/fpv4-sp/hard/crt0.o
LOAD build/stm32f4xx_hal_msp.o
LOAD build/stm32f4xx_hal_pwr_ex.o
LOAD build/main.o
LOAD build/stm32f4xx_hal_rcc.o
LOAD build/stm32f4xx_it.o
LOAD build/stm32f4xx_hal_flash_ex.o
LOAD build/stm32f4xx_hal_pwr.o
LOAD build/stm32f4xx_hal_rcc_ex.o
LOAD build/stm32f4xx_hal_dma.o
LOAD build/stm32f4xx_hal.o
LOAD build/stm32f4xx_hal_tim.o
LOAD build/system_stm32f4xx.o
LOAD build/stm32f4xx_hal_flash.o
LOAD build/stm32f4xx_hal_flash_ramfunc.o
LOAD build/stm32f4xx_hal_msp.o
LOAD build/stm32f4xx_it.o
LOAD build/main.o
LOAD build/stm32f4xx_hal_tim_ex.o
LOAD build/stm32f4xx_hal_dma_ex.o
LOAD build/stm32f4xx_hal_gpio.o
LOAD build/stm32f4xx_hal_cortex.o
LOAD build/startup_stm32f407xx.o
LOAD /home/faoziaziz/Documents/installer/gcc-arm-none-eabi-7-2017-q4-major-linux/gcc-arm-none-eabi-7-2017-q4-major/bin/../lib/gcc/arm-none-eabi/7.2.1/../../../../arm-none-eabi/lib/thumb/v7e-m/fpv4-sp/hard/libc_nano.a
LOAD /home/faoziaziz/Documents/installer/gcc-arm-none-eabi-7-2017-q4-major-linux/gcc-arm-none-eabi-7-2017-q4-major/bin/../lib/gcc/arm-none-eabi/7.2.1/../../../../arm-none-eabi/lib/thumb/v7e-m/fpv4-sp/hard/libm.a
LOAD /home/faoziaziz/Documents/installer/gcc-arm-none-eabi-7-2017-q4-major-linux/gcc-arm-none-eabi-7-2017-q4-major/bin/../lib/gcc/arm-none-eabi/7.2.1/../../../../arm-none-eabi/lib/thumb/v7e-m/fpv4-sp/hard/libnosys.a
START GROUP
LOAD /home/faoziaziz/Documents/installer/gcc-arm-none-eabi-7-2017-q4-major-linux/gcc-arm-none-eabi-7-2017-q4-major/bin/../lib/gcc/arm-none-eabi/7.2.1/thumb/v7e-m/fpv4-sp/hard/libgcc.a
LOAD /home/faoziaziz/Documents/installer/gcc-arm-none-eabi-7-2017-q4-major-linux/gcc-arm-none-eabi-7-2017-q4-major/bin/../lib/gcc/arm-none-eabi/7.2.1/../../../../arm-none-eabi/lib/thumb/v7e-m/fpv4-sp/hard/libc_nano.a
END GROUP
START GROUP
LOAD /home/faoziaziz/Documents/installer/gcc-arm-none-eabi-7-2017-q4-major-linux/gcc-arm-none-eabi-7-2017-q4-major/bin/../lib/gcc/arm-none-eabi/7.2.1/thumb/v7e-m/fpv4-sp/hard/libgcc.a
LOAD /home/faoziaziz/Documents/installer/gcc-arm-none-eabi-7-2017-q4-major-linux/gcc-arm-none-eabi-7-2017-q4-major/bin/../lib/gcc/arm-none-eabi/7.2.1/../../../../arm-none-eabi/lib/thumb/v7e-m/fpv4-sp/hard/libc_nano.a
END GROUP
LOAD /home/faoziaziz/Documents/installer/gcc-arm-none-eabi-7-2017-q4-major-linux/gcc-arm-none-eabi-7-2017-q4-major/bin/../lib/gcc/arm-none-eabi/7.2.1/thumb/v7e-m/fpv4-sp/hard/crtend.o
LOAD /home/faoziaziz/Documents/installer/gcc-arm-none-eabi-7-2017-q4-major-linux/gcc-arm-none-eabi-7-2017-q4-major/bin/../lib/gcc/arm-none-eabi/7.2.1/thumb/v7e-m/fpv4-sp/hard/crtn.o
                0x0000000020020000                _estack = 0x20020000
                0x0000000000000200                _Min_Heap_Size = 0x200
                0x0000000000000400                _Min_Stack_Size = 0x400

.isr_vector     0x0000000008000000      0x188
                0x0000000008000000                . = ALIGN (0x4)
 *(.isr_vector)
 .isr_vector    0x0000000008000000      0x188 build/startup_stm32f407xx.o
                0x0000000008000000                g_pfnVectors
                0x0000000008000188                . = ALIGN (0x4)

.text           0x0000000008000188      0xc9c
                0x0000000008000188                . = ALIGN (0x4)
 *(.text)
 .text          0x0000000008000188       0x40 /home/faoziaziz/Documents/installer/gcc-arm-none-eabi-7-2017-q4-major-linux/gcc-arm-none-eabi-7-2017-q4-major/bin/../lib/gcc/arm-none-eabi/7.2.1/thumb/v7e-m/fpv4-sp/hard/crtbegin.o
 .text          0x00000000080001c8       0x30 /home/faoziaziz/Documents/installer/gcc-arm-none-eabi-7-2017-q4-major-linux/gcc-arm-none-eabi-7-2017-q4-major/bin/../lib/gcc/arm-none-eabi/7.2.1/thumb/v7e-m/fpv4-sp/hard/libgcc.a(_aeabi_uldivmod.o)
                0x00000000080001c8                __aeabi_uldivmod
 .text          0x00000000080001f8      0x2cc /home/faoziaziz/Documents/installer/gcc-arm-none-eabi-7-2017-q4-major-linux/gcc-arm-none-eabi-7-2017-q4-major/bin/../lib/gcc/arm-none-eabi/7.2.1/thumb/v7e-m/fpv4-sp/hard/libgcc.a(_udivmoddi4.o)
                0x00000000080001f8                __udivmoddi4
 .text          0x00000000080004c4        0x4 /home/faoziaziz/Documents/installer/gcc-arm-none-eabi-7-2017-q4-major-linux/gcc-arm-none-eabi-7-2017-q4-major/bin/../lib/gcc/arm-none-eabi/7.2.1/thumb/v7e-m/fpv4-sp/hard/libgcc.a(_dvmd_tls.o)
                0x00000000080004c4                __aeabi_ldiv0
                0x00000000080004c4                __aeabi_idiv0
 *(.text*)
 .text.HAL_MspInit
                0x00000000080004c8       0x5e build/stm32f4xx_hal_msp.o
                0x00000000080004c8                HAL_MspInit
 .text._Error_Handler
                0x0000000008000526        0x2 build/main.o
                0x0000000008000526                _Error_Handler
 .text.SystemClock_Config
                0x0000000008000528       0xa8 build/main.o
                0x0000000008000528                SystemClock_Config
 .text.main     0x00000000080005d0        0xc build/main.o
                0x00000000080005d0                main
 .text.HAL_RCC_OscConfig
                0x00000000080005dc      0x398 build/stm32f4xx_hal_rcc.o
                0x00000000080005dc                HAL_RCC_OscConfig
 .text.HAL_RCC_GetSysClockFreq
                0x0000000008000974       0xa8 build/stm32f4xx_hal_rcc.o
                0x0000000008000974                HAL_RCC_GetSysClockFreq
 .text.HAL_RCC_ClockConfig
                0x0000000008000a1c      0x158 build/stm32f4xx_hal_rcc.o
                0x0000000008000a1c                HAL_RCC_ClockConfig
 .text.HAL_RCC_GetHCLKFreq
                0x0000000008000b74        0xc build/stm32f4xx_hal_rcc.o
                0x0000000008000b74                HAL_RCC_GetHCLKFreq
 .text.NMI_Handler
                0x0000000008000b80        0x2 build/stm32f4xx_it.o
                0x0000000008000b80                NMI_Handler
 .text.HardFault_Handler
                0x0000000008000b82        0x2 build/stm32f4xx_it.o
                0x0000000008000b82                HardFault_Handler
 .text.MemManage_Handler
                0x0000000008000b84        0x2 build/stm32f4xx_it.o
                0x0000000008000b84                MemManage_Handler
 .text.BusFault_Handler
                0x0000000008000b86        0x2 build/stm32f4xx_it.o
                0x0000000008000b86                BusFault_Handler
 .text.UsageFault_Handler
                0x0000000008000b88        0x2 build/stm32f4xx_it.o
                0x0000000008000b88                UsageFault_Handler
 .text.SVC_Handler
                0x0000000008000b8a        0x2 build/stm32f4xx_it.o
                0x0000000008000b8a                SVC_Handler
 .text.DebugMon_Handler
                0x0000000008000b8c        0x2 build/stm32f4xx_it.o
                0x0000000008000b8c                DebugMon_Handler
 .text.PendSV_Handler
                0x0000000008000b8e        0x2 build/stm32f4xx_it.o
                0x0000000008000b8e                PendSV_Handler
 .text.SysTick_Handler
                0x0000000008000b90        0xc build/stm32f4xx_it.o
                0x0000000008000b90                SysTick_Handler
 .text.HAL_InitTick
                0x0000000008000b9c       0x4c build/stm32f4xx_hal.o
                0x0000000008000b9c                HAL_InitTick
 .text.HAL_Init
                0x0000000008000be8       0x34 build/stm32f4xx_hal.o
                0x0000000008000be8                HAL_Init
 .text.HAL_IncTick
                0x0000000008000c1c       0x18 build/stm32f4xx_hal.o
                0x0000000008000c1c                HAL_IncTick
 .text.HAL_GetTick
                0x0000000008000c34        0xc build/stm32f4xx_hal.o
                0x0000000008000c34                HAL_GetTick
 .text.SystemInit
                0x0000000008000c40       0x4c build/system_stm32f4xx.o
                0x0000000008000c40                SystemInit
 .text.HAL_NVIC_SetPriorityGrouping
                0x0000000008000c8c       0x24 build/stm32f4xx_hal_cortex.o
                0x0000000008000c8c                HAL_NVIC_SetPriorityGrouping
 .text.HAL_NVIC_SetPriority
                0x0000000008000cb0       0x68 build/stm32f4xx_hal_cortex.o
                0x0000000008000cb0                HAL_NVIC_SetPriority
 .text.HAL_SYSTICK_Config
                0x0000000008000d18       0x2c build/stm32f4xx_hal_cortex.o
                0x0000000008000d18                HAL_SYSTICK_Config
 .text.HAL_SYSTICK_CLKSourceConfig
                0x0000000008000d44       0x20 build/stm32f4xx_hal_cortex.o
                0x0000000008000d44                HAL_SYSTICK_CLKSourceConfig
 .text.HAL_SYSTICK_Callback
                0x0000000008000d64        0x2 build/stm32f4xx_hal_cortex.o
                0x0000000008000d64                HAL_SYSTICK_Callback
 .text.HAL_SYSTICK_IRQHandler
                0x0000000008000d66        0x8 build/stm32f4xx_hal_cortex.o
                0x0000000008000d66                HAL_SYSTICK_IRQHandler
 *fill*         0x0000000008000d6e        0x2 
 .text.Reset_Handler
                0x0000000008000d70       0x50 build/startup_stm32f407xx.o
                0x0000000008000d70                Reset_Handler
 .text.Default_Handler
                0x0000000008000dc0        0x2 build/startup_stm32f407xx.o
                0x0000000008000dc0                RTC_Alarm_IRQHandler
                0x0000000008000dc0                HASH_RNG_IRQHandler
                0x0000000008000dc0                EXTI2_IRQHandler
                0x0000000008000dc0                TIM8_CC_IRQHandler
                0x0000000008000dc0                TIM1_CC_IRQHandler
                0x0000000008000dc0                DMA2_Stream5_IRQHandler
                0x0000000008000dc0                DMA1_Stream5_IRQHandler
                0x0000000008000dc0                PVD_IRQHandler
                0x0000000008000dc0                SDIO_IRQHandler
                0x0000000008000dc0                TAMP_STAMP_IRQHandler
                0x0000000008000dc0                CAN2_RX1_IRQHandler
                0x0000000008000dc0                EXTI3_IRQHandler
                0x0000000008000dc0                TIM8_TRG_COM_TIM14_IRQHandler
                0x0000000008000dc0                TIM1_UP_TIM10_IRQHandler
                0x0000000008000dc0                TIM8_UP_TIM13_IRQHandler
                0x0000000008000dc0                I2C3_ER_IRQHandler
                0x0000000008000dc0                EXTI0_IRQHandler
                0x0000000008000dc0                I2C2_EV_IRQHandler
                0x0000000008000dc0                DMA1_Stream2_IRQHandler
                0x0000000008000dc0                CAN1_RX0_IRQHandler
                0x0000000008000dc0                FPU_IRQHandler
                0x0000000008000dc0                OTG_HS_WKUP_IRQHandler
                0x0000000008000dc0                CAN2_SCE_IRQHandler
                0x0000000008000dc0                DMA2_Stream2_IRQHandler
                0x0000000008000dc0                SPI1_IRQHandler
                0x0000000008000dc0                TIM6_DAC_IRQHandler
                0x0000000008000dc0                TIM1_BRK_TIM9_IRQHandler
                0x0000000008000dc0                DCMI_IRQHandler
                0x0000000008000dc0                CAN2_RX0_IRQHandler
                0x0000000008000dc0                DMA2_Stream3_IRQHandler
                0x0000000008000dc0                USART6_IRQHandler
                0x0000000008000dc0                USART3_IRQHandler
                0x0000000008000dc0                CAN1_RX1_IRQHandler
                0x0000000008000dc0                UART5_IRQHandler
                0x0000000008000dc0                DMA2_Stream0_IRQHandler
                0x0000000008000dc0                TIM4_IRQHandler
                0x0000000008000dc0                I2C1_EV_IRQHandler
                0x0000000008000dc0                DMA1_Stream6_IRQHandler
                0x0000000008000dc0                DMA1_Stream1_IRQHandler
                0x0000000008000dc0                UART4_IRQHandler
                0x0000000008000dc0                TIM3_IRQHandler
                0x0000000008000dc0                RCC_IRQHandler
                0x0000000008000dc0                TIM8_BRK_TIM12_IRQHandler
                0x0000000008000dc0                Default_Handler
                0x0000000008000dc0                EXTI15_10_IRQHandler
                0x0000000008000dc0                ADC_IRQHandler
                0x0000000008000dc0                DMA1_Stream7_IRQHandler
                0x0000000008000dc0                TIM7_IRQHandler
                0x0000000008000dc0                CAN2_TX_IRQHandler
                0x0000000008000dc0                TIM5_IRQHandler
                0x0000000008000dc0                DMA2_Stream7_IRQHandler
                0x0000000008000dc0                I2C3_EV_IRQHandler
                0x0000000008000dc0                EXTI9_5_IRQHandler
                0x0000000008000dc0                RTC_WKUP_IRQHandler
                0x0000000008000dc0                ETH_WKUP_IRQHandler
                0x0000000008000dc0                SPI2_IRQHandler
                0x0000000008000dc0                OTG_HS_EP1_IN_IRQHandler
                0x0000000008000dc0                DMA1_Stream0_IRQHandler
                0x0000000008000dc0                CAN1_TX_IRQHandler
                0x0000000008000dc0                EXTI4_IRQHandler
                0x0000000008000dc0                FSMC_IRQHandler
                0x0000000008000dc0                ETH_IRQHandler
                0x0000000008000dc0                OTG_HS_EP1_OUT_IRQHandler
                0x0000000008000dc0                WWDG_IRQHandler
                0x0000000008000dc0                TIM2_IRQHandler
                0x0000000008000dc0                OTG_FS_WKUP_IRQHandler
                0x0000000008000dc0                TIM1_TRG_COM_TIM11_IRQHandler
                0x0000000008000dc0                OTG_HS_IRQHandler
                0x0000000008000dc0                EXTI1_IRQHandler
                0x0000000008000dc0                USART2_IRQHandler
                0x0000000008000dc0                I2C2_ER_IRQHandler
                0x0000000008000dc0                DMA2_Stream1_IRQHandler
                0x0000000008000dc0                CAN1_SCE_IRQHandler
                0x0000000008000dc0                FLASH_IRQHandler
                0x0000000008000dc0                DMA2_Stream4_IRQHandler
                0x0000000008000dc0                USART1_IRQHandler
                0x0000000008000dc0                OTG_FS_IRQHandler
                0x0000000008000dc0                SPI3_IRQHandler
                0x0000000008000dc0                DMA1_Stream4_IRQHandler
                0x0000000008000dc0                I2C1_ER_IRQHandler
                0x0000000008000dc0                DMA2_Stream6_IRQHandler
                0x0000000008000dc0                DMA1_Stream3_IRQHandler
 *fill*         0x0000000008000dc2        0x2 
 .text.__libc_init_array
                0x0000000008000dc4       0x48 /home/faoziaziz/Documents/installer/gcc-arm-none-eabi-7-2017-q4-major-linux/gcc-arm-none-eabi-7-2017-q4-major/bin/../lib/gcc/arm-none-eabi/7.2.1/../../../../arm-none-eabi/lib/thumb/v7e-m/fpv4-sp/hard/libc_nano.a(lib_a-init.o)
                0x0000000008000dc4                __libc_init_array
 *(.glue_7)
 .glue_7        0x0000000008000e0c        0x0 linker stubs
 *(.glue_7t)
 .glue_7t       0x0000000008000e0c        0x0 linker stubs
 *(.eh_frame)
 .eh_frame      0x0000000008000e0c        0x0 /home/faoziaziz/Documents/installer/gcc-arm-none-eabi-7-2017-q4-major-linux/gcc-arm-none-eabi-7-2017-q4-major/bin/../lib/gcc/arm-none-eabi/7.2.1/thumb/v7e-m/fpv4-sp/hard/crtbegin.o
 *(.init)
 .init          0x0000000008000e0c        0x4 /home/faoziaziz/Documents/installer/gcc-arm-none-eabi-7-2017-q4-major-linux/gcc-arm-none-eabi-7-2017-q4-major/bin/../lib/gcc/arm-none-eabi/7.2.1/thumb/v7e-m/fpv4-sp/hard/crti.o
                0x0000000008000e0c                _init
 .init          0x0000000008000e10        0x8 /home/faoziaziz/Documents/installer/gcc-arm-none-eabi-7-2017-q4-major-linux/gcc-arm-none-eabi-7-2017-q4-major/bin/../lib/gcc/arm-none-eabi/7.2.1/thumb/v7e-m/fpv4-sp/hard/crtn.o
 *(.fini)
 .fini          0x0000000008000e18        0x4 /home/faoziaziz/Documents/installer/gcc-arm-none-eabi-7-2017-q4-major-linux/gcc-arm-none-eabi-7-2017-q4-major/bin/../lib/gcc/arm-none-eabi/7.2.1/thumb/v7e-m/fpv4-sp/hard/crti.o
                0x0000000008000e18                _fini
 .fini          0x0000000008000e1c        0x8 /home/faoziaziz/Documents/installer/gcc-arm-none-eabi-7-2017-q4-major-linux/gcc-arm-none-eabi-7-2017-q4-major/bin/../lib/gcc/arm-none-eabi/7.2.1/thumb/v7e-m/fpv4-sp/hard/crtn.o
                0x0000000008000e24                . = ALIGN (0x4)
                0x0000000008000e24                _etext = .

.vfp11_veneer   0x0000000008000e24        0x0
 .vfp11_veneer  0x0000000008000e24        0x0 linker stubs

.v4_bx          0x0000000008000e24        0x0
 .v4_bx         0x0000000008000e24        0x0 linker stubs

.iplt           0x0000000008000e24        0x0
 .iplt          0x0000000008000e24        0x0 /home/faoziaziz/Documents/installer/gcc-arm-none-eabi-7-2017-q4-major-linux/gcc-arm-none-eabi-7-2017-q4-major/bin/../lib/gcc/arm-none-eabi/7.2.1/thumb/v7e-m/fpv4-sp/hard/crtbegin.o

.rodata         0x0000000008000e24       0x1c
                0x0000000008000e24                . = ALIGN (0x4)
 *(.rodata)
 *(.rodata*)
 .rodata.SystemClock_Config.str1.4
                0x0000000008000e24        0xc build/main.o
                                          0xb (size before relaxing)
 .rodata.AHBPrescTable
                0x0000000008000e30       0x10 build/system_stm32f4xx.o
                0x0000000008000e30                AHBPrescTable
                0x0000000008000e40                . = ALIGN (0x4)

.ARM.extab
 *(.ARM.extab* .gnu.linkonce.armextab.*)

.ARM            0x0000000008000e40        0x8
                0x0000000008000e40                __exidx_start = .
 *(.ARM.exidx*)
 .ARM.exidx     0x0000000008000e40        0x8 /home/faoziaziz/Documents/installer/gcc-arm-none-eabi-7-2017-q4-major-linux/gcc-arm-none-eabi-7-2017-q4-major/bin/../lib/gcc/arm-none-eabi/7.2.1/thumb/v7e-m/fpv4-sp/hard/libgcc.a(_udivmoddi4.o)
                0x0000000008000e48                __exidx_end = .

.rel.dyn        0x0000000008000e48        0x0
 .rel.iplt      0x0000000008000e48        0x0 /home/faoziaziz/Documents/installer/gcc-arm-none-eabi-7-2017-q4-major-linux/gcc-arm-none-eabi-7-2017-q4-major/bin/../lib/gcc/arm-none-eabi/7.2.1/thumb/v7e-m/fpv4-sp/hard/crtbegin.o

.preinit_array  0x0000000008000e48        0x0
                0x0000000008000e48                PROVIDE (__preinit_array_start, .)
 *(.preinit_array*)
                0x0000000008000e48                PROVIDE (__preinit_array_end, .)

.init_array     0x0000000008000e48        0x4
                0x0000000008000e48                PROVIDE (__init_array_start, .)
 *(SORT_BY_NAME(.init_array.*))
 *(.init_array*)
 .init_array    0x0000000008000e48        0x4 /home/faoziaziz/Documents/installer/gcc-arm-none-eabi-7-2017-q4-major-linux/gcc-arm-none-eabi-7-2017-q4-major/bin/../lib/gcc/arm-none-eabi/7.2.1/thumb/v7e-m/fpv4-sp/hard/crtbegin.o
                0x0000000008000e4c                PROVIDE (__init_array_end, .)

.fini_array     0x0000000008000e4c        0x4
                [!provide]                        PROVIDE (__fini_array_start, .)
 *(SORT_BY_NAME(.fini_array.*))
 *(.fini_array*)
 .fini_array    0x0000000008000e4c        0x4 /home/faoziaziz/Documents/installer/gcc-arm-none-eabi-7-2017-q4-major-linux/gcc-arm-none-eabi-7-2017-q4-major/bin/../lib/gcc/arm-none-eabi/7.2.1/thumb/v7e-m/fpv4-sp/hard/crtbegin.o
                [!provide]                        PROVIDE (__fini_array_end, .)
                0x0000000008000e50                _sidata = LOADADDR (.data)

.data           0x0000000020000000        0xc load address 0x0000000008000e50
                0x0000000020000000                . = ALIGN (0x4)
                0x0000000020000000                _sdata = .
 *(.data)
 *(.data*)
 .data.uwTickFreq
                0x0000000020000000        0x1 build/stm32f4xx_hal.o
                0x0000000020000000                uwTickFreq
 *fill*         0x0000000020000001        0x3 
 .data.uwTickPrio
                0x0000000020000004        0x4 build/stm32f4xx_hal.o
                0x0000000020000004                uwTickPrio
 .data.SystemCoreClock
                0x0000000020000008        0x4 build/system_stm32f4xx.o
                0x0000000020000008                SystemCoreClock
                0x000000002000000c                . = ALIGN (0x4)
                0x000000002000000c                _edata = .
                0x0000000008000e5c                _siccmram = LOADADDR (.ccmram)

.igot.plt       0x000000002000000c        0x0 load address 0x0000000008000e5c
 .igot.plt      0x000000002000000c        0x0 /home/faoziaziz/Documents/installer/gcc-arm-none-eabi-7-2017-q4-major-linux/gcc-arm-none-eabi-7-2017-q4-major/bin/../lib/gcc/arm-none-eabi/7.2.1/thumb/v7e-m/fpv4-sp/hard/crtbegin.o

.ccmram         0x0000000010000000        0x0 load address 0x0000000008000e5c
                0x0000000010000000                . = ALIGN (0x4)
                0x0000000010000000                _sccmram = .
 *(.ccmram)
 *(.ccmram*)
                0x0000000010000000                . = ALIGN (0x4)
                0x0000000010000000                _eccmram = .
                0x0000000010000000                . = ALIGN (0x4)

.bss            0x000000002000000c       0x20
                0x000000002000000c                _sbss = .
                0x000000002000000c                __bss_start__ = _sbss
 *(.bss)
 .bss           0x000000002000000c       0x1c /home/faoziaziz/Documents/installer/gcc-arm-none-eabi-7-2017-q4-major-linux/gcc-arm-none-eabi-7-2017-q4-major/bin/../lib/gcc/arm-none-eabi/7.2.1/thumb/v7e-m/fpv4-sp/hard/crtbegin.o
 *(.bss*)
 *(COMMON)
 COMMON         0x0000000020000028        0x4 build/stm32f4xx_hal.o
                0x0000000020000028                uwTick
                0x000000002000002c                . = ALIGN (0x4)
                0x000000002000002c                _ebss = .
                0x000000002000002c                __bss_end__ = _ebss

._user_heap_stack
                0x000000002000002c      0x604
                0x0000000020000030                . = ALIGN (0x8)
 *fill*         0x000000002000002c        0x4 
                [!provide]                        PROVIDE (end, .)
                [!provide]                        PROVIDE (_end, .)
                0x0000000020000230                . = (. + _Min_Heap_Size)
 *fill*         0x0000000020000030      0x200 
                0x0000000020000630                . = (. + _Min_Stack_Size)
 *fill*         0x0000000020000230      0x400 
                0x0000000020000630                . = ALIGN (0x8)

/DISCARD/
 libc.a(*)
 libm.a(*)
 libgcc.a(*)

.ARM.attributes
                0x0000000000000000       0x30
 *(.ARM.attributes)
 .ARM.attributes
                0x0000000000000000       0x22 /home/faoziaziz/Documents/installer/gcc-arm-none-eabi-7-2017-q4-major-linux/gcc-arm-none-eabi-7-2017-q4-major/bin/../lib/gcc/arm-none-eabi/7.2.1/thumb/v7e-m/fpv4-sp/hard/crti.o
 .ARM.attributes
                0x0000000000000022       0x34 /home/faoziaziz/Documents/installer/gcc-arm-none-eabi-7-2017-q4-major-linux/gcc-arm-none-eabi-7-2017-q4-major/bin/../lib/gcc/arm-none-eabi/7.2.1/thumb/v7e-m/fpv4-sp/hard/crtbegin.o
 .ARM.attributes
                0x0000000000000056       0x39 build/stm32f4xx_hal_msp.o
 .ARM.attributes
                0x000000000000008f       0x39 build/main.o
 .ARM.attributes
                0x00000000000000c8       0x39 build/stm32f4xx_hal_rcc.o
 .ARM.attributes
                0x0000000000000101       0x39 build/stm32f4xx_it.o
 .ARM.attributes
                0x000000000000013a       0x39 build/stm32f4xx_hal.o
 .ARM.attributes
                0x0000000000000173       0x39 build/system_stm32f4xx.o
 .ARM.attributes
                0x00000000000001ac       0x39 build/stm32f4xx_hal_cortex.o
 .ARM.attributes
                0x00000000000001e5       0x21 build/startup_stm32f407xx.o
 .ARM.attributes
                0x0000000000000206       0x34 /home/faoziaziz/Documents/installer/gcc-arm-none-eabi-7-2017-q4-major-linux/gcc-arm-none-eabi-7-2017-q4-major/bin/../lib/gcc/arm-none-eabi/7.2.1/../../../../arm-none-eabi/lib/thumb/v7e-m/fpv4-sp/hard/libc_nano.a(lib_a-init.o)
 .ARM.attributes
                0x000000000000023a       0x22 /home/faoziaziz/Documents/installer/gcc-arm-none-eabi-7-2017-q4-major-linux/gcc-arm-none-eabi-7-2017-q4-major/bin/../lib/gcc/arm-none-eabi/7.2.1/thumb/v7e-m/fpv4-sp/hard/libgcc.a(_aeabi_uldivmod.o)
 .ARM.attributes
                0x000000000000025c       0x34 /home/faoziaziz/Documents/installer/gcc-arm-none-eabi-7-2017-q4-major-linux/gcc-arm-none-eabi-7-2017-q4-major/bin/../lib/gcc/arm-none-eabi/7.2.1/thumb/v7e-m/fpv4-sp/hard/libgcc.a(_udivmoddi4.o)
 .ARM.attributes
                0x0000000000000290       0x22 /home/faoziaziz/Documents/installer/gcc-arm-none-eabi-7-2017-q4-major-linux/gcc-arm-none-eabi-7-2017-q4-major/bin/../lib/gcc/arm-none-eabi/7.2.1/thumb/v7e-m/fpv4-sp/hard/libgcc.a(_dvmd_tls.o)
 .ARM.attributes
                0x00000000000002b2       0x22 /home/faoziaziz/Documents/installer/gcc-arm-none-eabi-7-2017-q4-major-linux/gcc-arm-none-eabi-7-2017-q4-major/bin/../lib/gcc/arm-none-eabi/7.2.1/thumb/v7e-m/fpv4-sp/hard/crtn.o
OUTPUT(build/MakeRTOS.elf elf32-littlearm)

.debug_info     0x0000000000000000     0x797a
 .debug_info    0x0000000000000000      0xd60 build/stm32f4xx_hal_msp.o
 .debug_info    0x0000000000000d60     0x11a6 build/main.o
 .debug_info    0x0000000000001f06     0x1418 build/stm32f4xx_hal_rcc.o
 .debug_info    0x000000000000331e      0xb14 build/stm32f4xx_it.o
 .debug_info    0x0000000000003e32     0x138f build/stm32f4xx_hal.o
 .debug_info    0x00000000000051c1      0xe82 build/system_stm32f4xx.o
 .debug_info    0x0000000000006043     0x1915 build/stm32f4xx_hal_cortex.o
 .debug_info    0x0000000000007958       0x22 build/startup_stm32f407xx.o

.debug_abbrev   0x0000000000000000     0x1224
 .debug_abbrev  0x0000000000000000      0x1ed build/stm32f4xx_hal_msp.o
 .debug_abbrev  0x00000000000001ed      0x278 build/main.o
 .debug_abbrev  0x0000000000000465      0x32f build/stm32f4xx_hal_rcc.o
 .debug_abbrev  0x0000000000000794      0x1db build/stm32f4xx_it.o
 .debug_abbrev  0x000000000000096f      0x2e1 build/stm32f4xx_hal.o
 .debug_abbrev  0x0000000000000c50      0x1e6 build/system_stm32f4xx.o
 .debug_abbrev  0x0000000000000e36      0x3dc build/stm32f4xx_hal_cortex.o
 .debug_abbrev  0x0000000000001212       0x12 build/startup_stm32f407xx.o

.debug_loc      0x0000000000000000      0xf34
 .debug_loc     0x0000000000000000       0x20 build/stm32f4xx_hal_msp.o
 .debug_loc     0x0000000000000020       0x66 build/main.o
 .debug_loc     0x0000000000000086      0x555 build/stm32f4xx_hal_rcc.o
 .debug_loc     0x00000000000005db       0x20 build/stm32f4xx_it.o
 .debug_loc     0x00000000000005fb      0x19d build/stm32f4xx_hal.o
 .debug_loc     0x0000000000000798      0x13e build/system_stm32f4xx.o
 .debug_loc     0x00000000000008d6      0x65e build/stm32f4xx_hal_cortex.o

.debug_aranges  0x0000000000000000      0x310
 .debug_aranges
                0x0000000000000000       0x20 build/stm32f4xx_hal_msp.o
 .debug_aranges
                0x0000000000000020       0x30 build/main.o
 .debug_aranges
                0x0000000000000050       0x88 build/stm32f4xx_hal_rcc.o
 .debug_aranges
                0x00000000000000d8       0x60 build/stm32f4xx_it.o
 .debug_aranges
                0x0000000000000138       0xe0 build/stm32f4xx_hal.o
 .debug_aranges
                0x0000000000000218       0x28 build/system_stm32f4xx.o
 .debug_aranges
                0x0000000000000240       0xa8 build/stm32f4xx_hal_cortex.o
 .debug_aranges
                0x00000000000002e8       0x28 build/startup_stm32f407xx.o

.debug_ranges   0x0000000000000000      0x310
 .debug_ranges  0x0000000000000000       0x10 build/stm32f4xx_hal_msp.o
 .debug_ranges  0x0000000000000010       0x20 build/main.o
 .debug_ranges  0x0000000000000030       0x90 build/stm32f4xx_hal_rcc.o
 .debug_ranges  0x00000000000000c0       0x50 build/stm32f4xx_it.o
 .debug_ranges  0x0000000000000110       0xd0 build/stm32f4xx_hal.o
 .debug_ranges  0x00000000000001e0       0x18 build/system_stm32f4xx.o
 .debug_ranges  0x00000000000001f8       0xf8 build/stm32f4xx_hal_cortex.o
 .debug_ranges  0x00000000000002f0       0x20 build/startup_stm32f407xx.o

.debug_line     0x0000000000000000     0x1d6a
 .debug_line    0x0000000000000000      0x2f4 build/stm32f4xx_hal_msp.o
 .debug_line    0x00000000000002f4      0x374 build/main.o
 .debug_line    0x0000000000000668      0x5d6 build/stm32f4xx_hal_rcc.o
 .debug_line    0x0000000000000c3e      0x36f build/stm32f4xx_it.o
 .debug_line    0x0000000000000fad      0x512 build/stm32f4xx_hal.o
 .debug_line    0x00000000000014bf      0x2e5 build/system_stm32f4xx.o
 .debug_line    0x00000000000017a4      0x552 build/stm32f4xx_hal_cortex.o
 .debug_line    0x0000000000001cf6       0x74 build/startup_stm32f407xx.o

.debug_str      0x0000000000000000     0x176a
 .debug_str     0x0000000000000000      0xa9c build/stm32f4xx_hal_msp.o
                                        0xb0d (size before relaxing)
 .debug_str     0x0000000000000a9c      0x2e7 build/main.o
                                        0xdbd (size before relaxing)
 .debug_str     0x0000000000000d83      0x270 build/stm32f4xx_hal_rcc.o
                                        0xadb (size before relaxing)
 .debug_str     0x0000000000000ff3       0xc6 build/stm32f4xx_it.o
                                        0x68f (size before relaxing)
 .debug_str     0x00000000000010b9      0x2a5 build/stm32f4xx_hal.o
                                        0xf5b (size before relaxing)
 .debug_str     0x000000000000135e       0x96 build/system_stm32f4xx.o
                                        0x76c (size before relaxing)
 .debug_str     0x00000000000013f4      0x351 build/stm32f4xx_hal_cortex.o
                                       0x1032 (size before relaxing)
 .debug_str     0x0000000000001745       0x25 build/startup_stm32f407xx.o
                                         0x53 (size before relaxing)

.comment        0x0000000000000000       0x7e
 .comment       0x0000000000000000       0x7e build/stm32f4xx_hal_msp.o
                                         0x7f (size before relaxing)
 .comment       0x000000000000007e       0x7f build/main.o
 .comment       0x000000000000007e       0x7f build/stm32f4xx_hal_rcc.o
 .comment       0x000000000000007e       0x7f build/stm32f4xx_it.o
 .comment       0x000000000000007e       0x7f build/stm32f4xx_hal.o
 .comment       0x000000000000007e       0x7f build/system_stm32f4xx.o
 .comment       0x000000000000007e       0x7f build/stm32f4xx_hal_cortex.o

.debug_frame    0x0000000000000000      0x700
 .debug_frame   0x0000000000000000       0x2c build/stm32f4xx_hal_msp.o
 .debug_frame   0x000000000000002c       0x5c build/main.o
 .debug_frame   0x0000000000000088      0x1c4 build/stm32f4xx_hal_rcc.o
 .debug_frame   0x000000000000024c       0xac build/stm32f4xx_it.o
 .debug_frame   0x00000000000002f8      0x1e0 build/stm32f4xx_hal.o
 .debug_frame   0x00000000000004d8       0x30 build/system_stm32f4xx.o
 .debug_frame   0x0000000000000508      0x16c build/stm32f4xx_hal_cortex.o
 .debug_frame   0x0000000000000674       0x2c /home/faoziaziz/Documents/installer/gcc-arm-none-eabi-7-2017-q4-major-linux/gcc-arm-none-eabi-7-2017-q4-major/bin/../lib/gcc/arm-none-eabi/7.2.1/../../../../arm-none-eabi/lib/thumb/v7e-m/fpv4-sp/hard/libc_nano.a(lib_a-init.o)
 .debug_frame   0x00000000000006a0       0x2c /home/faoziaziz/Documents/installer/gcc-arm-none-eabi-7-2017-q4-major-linux/gcc-arm-none-eabi-7-2017-q4-major/bin/../lib/gcc/arm-none-eabi/7.2.1/thumb/v7e-m/fpv4-sp/hard/libgcc.a(_aeabi_uldivmod.o)
 .debug_frame   0x00000000000006cc       0x34 /home/faoziaziz/Documents/installer/gcc-arm-none-eabi-7-2017-q4-major-linux/gcc-arm-none-eabi-7-2017-q4-major/bin/../lib/gcc/arm-none-eabi/7.2.1/thumb/v7e-m/fpv4-sp/hard/libgcc.a(_udivmoddi4.o)

Cross Reference Table

Symbol                                            File
ADC_IRQHandler                                    build/startup_stm32f407xx.o
AHBPrescTable                                     build/system_stm32f4xx.o
                                                  build/stm32f4xx_hal_rcc.o
APBPrescTable                                     build/system_stm32f4xx.o
                                                  build/stm32f4xx_hal_rcc.o
BusFault_Handler                                  build/stm32f4xx_it.o
CAN1_RX0_IRQHandler                               build/startup_stm32f407xx.o
CAN1_RX1_IRQHandler                               build/startup_stm32f407xx.o
CAN1_SCE_IRQHandler                               build/startup_stm32f407xx.o
CAN1_TX_IRQHandler                                build/startup_stm32f407xx.o
CAN2_RX0_IRQHandler                               build/startup_stm32f407xx.o
CAN2_RX1_IRQHandler                               build/startup_stm32f407xx.o
CAN2_SCE_IRQHandler                               build/startup_stm32f407xx.o
CAN2_TX_IRQHandler                                build/startup_stm32f407xx.o
DCMI_IRQHandler                                   build/startup_stm32f407xx.o
DMA1_Stream0_IRQHandler                           build/startup_stm32f407xx.o
DMA1_Stream1_IRQHandler                           build/startup_stm32f407xx.o
DMA1_Stream2_IRQHandler                           build/startup_stm32f407xx.o
DMA1_Stream3_IRQHandler                           build/startup_stm32f407xx.o
DMA1_Stream4_IRQHandler                           build/startup_stm32f407xx.o
DMA1_Stream5_IRQHandler                           build/startup_stm32f407xx.o
DMA1_Stream6_IRQHandler                           build/startup_stm32f407xx.o
DMA1_Stream7_IRQHandler                           build/startup_stm32f407xx.o
DMA2_Stream0_IRQHandler                           build/startup_stm32f407xx.o
DMA2_Stream1_IRQHandler                           build/startup_stm32f407xx.o
DMA2_Stream2_IRQHandler                           build/startup_stm32f407xx.o
DMA2_Stream3_IRQHandler                           build/startup_stm32f407xx.o
DMA2_Stream4_IRQHandler                           build/startup_stm32f407xx.o
DMA2_Stream5_IRQHandler                           build/startup_stm32f407xx.o
DMA2_Stream6_IRQHandler                           build/startup_stm32f407xx.o
DMA2_Stream7_IRQHandler                           build/startup_stm32f407xx.o
DebugMon_Handler                                  build/stm32f4xx_it.o
Default_Handler                                   build/startup_stm32f407xx.o
ETH_IRQHandler                                    build/startup_stm32f407xx.o
ETH_WKUP_IRQHandler                               build/startup_stm32f407xx.o
EXTI0_IRQHandler                                  build/startup_stm32f407xx.o
EXTI15_10_IRQHandler                              build/startup_stm32f407xx.o
EXTI1_IRQHandler                                  build/startup_stm32f407xx.o
EXTI2_IRQHandler                                  build/startup_stm32f407xx.o
EXTI3_IRQHandler                                  build/startup_stm32f407xx.o
EXTI4_IRQHandler                                  build/startup_stm32f407xx.o
EXTI9_5_IRQHandler                                build/startup_stm32f407xx.o
FLASH_Erase_Sector                                build/stm32f4xx_hal_flash_ex.o
                                                  build/stm32f4xx_hal_flash.o
FLASH_FlushCaches                                 build/stm32f4xx_hal_flash_ex.o
                                                  build/stm32f4xx_hal_flash.o
FLASH_IRQHandler                                  build/startup_stm32f407xx.o
FLASH_WaitForLastOperation                        build/stm32f4xx_hal_flash.o
                                                  build/stm32f4xx_hal_flash_ex.o
FPU_IRQHandler                                    build/startup_stm32f407xx.o
FSMC_IRQHandler                                   build/startup_stm32f407xx.o
HAL_DBGMCU_DisableDBGSleepMode                    build/stm32f4xx_hal.o
HAL_DBGMCU_DisableDBGStandbyMode                  build/stm32f4xx_hal.o
HAL_DBGMCU_DisableDBGStopMode                     build/stm32f4xx_hal.o
HAL_DBGMCU_EnableDBGSleepMode                     build/stm32f4xx_hal.o
HAL_DBGMCU_EnableDBGStandbyMode                   build/stm32f4xx_hal.o
HAL_DBGMCU_EnableDBGStopMode                      build/stm32f4xx_hal.o
HAL_DMAEx_ChangeMemory                            build/stm32f4xx_hal_dma_ex.o
HAL_DMAEx_MultiBufferStart                        build/stm32f4xx_hal_dma_ex.o
HAL_DMAEx_MultiBufferStart_IT                     build/stm32f4xx_hal_dma_ex.o
HAL_DMA_Abort                                     build/stm32f4xx_hal_dma.o
HAL_DMA_Abort_IT                                  build/stm32f4xx_hal_dma.o
HAL_DMA_DeInit                                    build/stm32f4xx_hal_dma.o
HAL_DMA_GetError                                  build/stm32f4xx_hal_dma.o
HAL_DMA_GetState                                  build/stm32f4xx_hal_dma.o
HAL_DMA_IRQHandler                                build/stm32f4xx_hal_dma.o
HAL_DMA_Init                                      build/stm32f4xx_hal_dma.o
HAL_DMA_PollForTransfer                           build/stm32f4xx_hal_dma.o
HAL_DMA_RegisterCallback                          build/stm32f4xx_hal_dma.o
HAL_DMA_Start                                     build/stm32f4xx_hal_dma.o
HAL_DMA_Start_IT                                  build/stm32f4xx_hal_dma.o
HAL_DMA_UnRegisterCallback                        build/stm32f4xx_hal_dma.o
HAL_DeInit                                        build/stm32f4xx_hal.o
HAL_Delay                                         build/stm32f4xx_hal.o
HAL_DisableCompensationCell                       build/stm32f4xx_hal.o
HAL_EnableCompensationCell                        build/stm32f4xx_hal.o
HAL_FLASHEx_Erase                                 build/stm32f4xx_hal_flash_ex.o
HAL_FLASHEx_Erase_IT                              build/stm32f4xx_hal_flash_ex.o
HAL_FLASHEx_OBGetConfig                           build/stm32f4xx_hal_flash_ex.o
HAL_FLASHEx_OBProgram                             build/stm32f4xx_hal_flash_ex.o
HAL_FLASH_EndOfOperationCallback                  build/stm32f4xx_hal_flash.o
HAL_FLASH_GetError                                build/stm32f4xx_hal_flash.o
HAL_FLASH_IRQHandler                              build/stm32f4xx_hal_flash.o
HAL_FLASH_Lock                                    build/stm32f4xx_hal_flash.o
HAL_FLASH_OB_Launch                               build/stm32f4xx_hal_flash.o
HAL_FLASH_OB_Lock                                 build/stm32f4xx_hal_flash.o
HAL_FLASH_OB_Unlock                               build/stm32f4xx_hal_flash.o
HAL_FLASH_OperationErrorCallback                  build/stm32f4xx_hal_flash.o
HAL_FLASH_Program                                 build/stm32f4xx_hal_flash.o
HAL_FLASH_Program_IT                              build/stm32f4xx_hal_flash.o
HAL_FLASH_Unlock                                  build/stm32f4xx_hal_flash.o
HAL_GPIO_DeInit                                   build/stm32f4xx_hal_gpio.o
HAL_GPIO_EXTI_Callback                            build/stm32f4xx_hal_gpio.o
HAL_GPIO_EXTI_IRQHandler                          build/stm32f4xx_hal_gpio.o
HAL_GPIO_Init                                     build/stm32f4xx_hal_gpio.o
                                                  build/stm32f4xx_hal_rcc.o
HAL_GPIO_LockPin                                  build/stm32f4xx_hal_gpio.o
HAL_GPIO_ReadPin                                  build/stm32f4xx_hal_gpio.o
HAL_GPIO_TogglePin                                build/stm32f4xx_hal_gpio.o
HAL_GPIO_WritePin                                 build/stm32f4xx_hal_gpio.o
HAL_GetDEVID                                      build/stm32f4xx_hal.o
HAL_GetHalVersion                                 build/stm32f4xx_hal.o
HAL_GetREVID                                      build/stm32f4xx_hal.o
HAL_GetTick                                       build/stm32f4xx_hal.o
                                                  build/stm32f4xx_hal_flash.o
                                                  build/stm32f4xx_hal_dma.o
                                                  build/stm32f4xx_hal_rcc_ex.o
                                                  build/stm32f4xx_hal_rcc.o
                                                  build/stm32f4xx_hal_pwr_ex.o
HAL_GetTickFreq                                   build/stm32f4xx_hal.o
HAL_GetTickPrio                                   build/stm32f4xx_hal.o
HAL_GetUID                                        build/stm32f4xx_hal.o
HAL_IncTick                                       build/stm32f4xx_hal.o
                                                  build/stm32f4xx_it.o
                                                  build/stm32f4xx_it.o
HAL_Init                                          build/stm32f4xx_hal.o
                                                  build/main.o
                                                  build/main.o
HAL_InitTick                                      build/stm32f4xx_hal.o
                                                  build/stm32f4xx_hal_rcc_ex.o
                                                  build/stm32f4xx_hal_rcc.o
HAL_MPU_ConfigRegion                              build/stm32f4xx_hal_cortex.o
HAL_MPU_Disable                                   build/stm32f4xx_hal_cortex.o
HAL_MPU_Enable                                    build/stm32f4xx_hal_cortex.o
HAL_MspDeInit                                     build/stm32f4xx_hal.o
HAL_MspInit                                       build/stm32f4xx_hal_msp.o
HAL_NVIC_ClearPendingIRQ                          build/stm32f4xx_hal_cortex.o
HAL_NVIC_DisableIRQ                               build/stm32f4xx_hal_cortex.o
HAL_NVIC_EnableIRQ                                build/stm32f4xx_hal_cortex.o
HAL_NVIC_GetActive                                build/stm32f4xx_hal_cortex.o
HAL_NVIC_GetPendingIRQ                            build/stm32f4xx_hal_cortex.o
HAL_NVIC_GetPriority                              build/stm32f4xx_hal_cortex.o
HAL_NVIC_GetPriorityGrouping                      build/stm32f4xx_hal_cortex.o
HAL_NVIC_SetPendingIRQ                            build/stm32f4xx_hal_cortex.o
HAL_NVIC_SetPriority                              build/stm32f4xx_hal_cortex.o
                                                  build/main.o
                                                  build/stm32f4xx_hal_msp.o
                                                  build/stm32f4xx_hal.o
                                                  build/main.o
                                                  build/stm32f4xx_hal_msp.o
HAL_NVIC_SetPriorityGrouping                      build/stm32f4xx_hal_cortex.o
                                                  build/stm32f4xx_hal_msp.o
                                                  build/stm32f4xx_hal.o
                                                  build/stm32f4xx_hal_msp.o
HAL_NVIC_SystemReset                              build/stm32f4xx_hal_cortex.o
HAL_PWREx_ControlVoltageScaling                   build/stm32f4xx_hal_pwr_ex.o
HAL_PWREx_DisableBkUpReg                          build/stm32f4xx_hal_pwr_ex.o
HAL_PWREx_DisableFlashPowerDown                   build/stm32f4xx_hal_pwr_ex.o
HAL_PWREx_EnableBkUpReg                           build/stm32f4xx_hal_pwr_ex.o
HAL_PWREx_EnableFlashPowerDown                    build/stm32f4xx_hal_pwr_ex.o
HAL_PWREx_GetVoltageRange                         build/stm32f4xx_hal_pwr_ex.o
HAL_PWR_ConfigPVD                                 build/stm32f4xx_hal_pwr.o
HAL_PWR_DeInit                                    build/stm32f4xx_hal_pwr.o
HAL_PWR_DisableBkUpAccess                         build/stm32f4xx_hal_pwr.o
HAL_PWR_DisablePVD                                build/stm32f4xx_hal_pwr.o
HAL_PWR_DisableSEVOnPend                          build/stm32f4xx_hal_pwr.o
HAL_PWR_DisableSleepOnExit                        build/stm32f4xx_hal_pwr.o
HAL_PWR_DisableWakeUpPin                          build/stm32f4xx_hal_pwr.o
HAL_PWR_EnableBkUpAccess                          build/stm32f4xx_hal_pwr.o
HAL_PWR_EnablePVD                                 build/stm32f4xx_hal_pwr.o
HAL_PWR_EnableSEVOnPend                           build/stm32f4xx_hal_pwr.o
HAL_PWR_EnableSleepOnExit                         build/stm32f4xx_hal_pwr.o
HAL_PWR_EnableWakeUpPin                           build/stm32f4xx_hal_pwr.o
HAL_PWR_EnterSLEEPMode                            build/stm32f4xx_hal_pwr.o
HAL_PWR_EnterSTANDBYMode                          build/stm32f4xx_hal_pwr.o
HAL_PWR_EnterSTOPMode                             build/stm32f4xx_hal_pwr.o
HAL_PWR_PVDCallback                               build/stm32f4xx_hal_pwr.o
HAL_PWR_PVD_IRQHandler                            build/stm32f4xx_hal_pwr.o
HAL_RCCEx_DisablePLLI2S                           build/stm32f4xx_hal_rcc_ex.o
HAL_RCCEx_EnablePLLI2S                            build/stm32f4xx_hal_rcc_ex.o
HAL_RCCEx_GetPeriphCLKConfig                      build/stm32f4xx_hal_rcc_ex.o
HAL_RCCEx_GetPeriphCLKFreq                        build/stm32f4xx_hal_rcc_ex.o
HAL_RCCEx_PeriphCLKConfig                         build/stm32f4xx_hal_rcc_ex.o
HAL_RCC_CSSCallback                               build/stm32f4xx_hal_rcc.o
HAL_RCC_ClockConfig                               build/stm32f4xx_hal_rcc.o
                                                  build/main.o
                                                  build/main.o
HAL_RCC_DeInit                                    build/stm32f4xx_hal_rcc_ex.o
                                                  build/stm32f4xx_hal_rcc.o
HAL_RCC_DisableCSS                                build/stm32f4xx_hal_rcc.o
HAL_RCC_EnableCSS                                 build/stm32f4xx_hal_rcc.o
HAL_RCC_GetClockConfig                            build/stm32f4xx_hal_rcc.o
HAL_RCC_GetHCLKFreq                               build/stm32f4xx_hal_rcc.o
                                                  build/main.o
                                                  build/main.o
HAL_RCC_GetOscConfig                              build/stm32f4xx_hal_rcc.o
HAL_RCC_GetPCLK1Freq                              build/stm32f4xx_hal_rcc.o
HAL_RCC_GetPCLK2Freq                              build/stm32f4xx_hal_rcc.o
HAL_RCC_GetSysClockFreq                           build/stm32f4xx_hal_rcc.o
HAL_RCC_MCOConfig                                 build/stm32f4xx_hal_rcc.o
HAL_RCC_NMI_IRQHandler                            build/stm32f4xx_hal_rcc.o
HAL_RCC_OscConfig                                 build/stm32f4xx_hal_rcc.o
                                                  build/main.o
                                                  build/main.o
HAL_ResumeTick                                    build/stm32f4xx_hal.o
HAL_SYSTICK_CLKSourceConfig                       build/stm32f4xx_hal_cortex.o
                                                  build/main.o
                                                  build/main.o
HAL_SYSTICK_Callback                              build/stm32f4xx_hal_cortex.o
HAL_SYSTICK_Config                                build/stm32f4xx_hal_cortex.o
                                                  build/main.o
                                                  build/stm32f4xx_hal.o
                                                  build/main.o
HAL_SYSTICK_IRQHandler                            build/stm32f4xx_hal_cortex.o
                                                  build/stm32f4xx_it.o
                                                  build/stm32f4xx_it.o
HAL_SetTickFreq                                   build/stm32f4xx_hal.o
HAL_SuspendTick                                   build/stm32f4xx_hal.o
HASH_RNG_IRQHandler                               build/startup_stm32f407xx.o
HardFault_Handler                                 build/stm32f4xx_it.o
I2C1_ER_IRQHandler                                build/startup_stm32f407xx.o
I2C1_EV_IRQHandler                                build/startup_stm32f407xx.o
I2C2_ER_IRQHandler                                build/startup_stm32f407xx.o
I2C2_EV_IRQHandler                                build/startup_stm32f407xx.o
I2C3_ER_IRQHandler                                build/startup_stm32f407xx.o
I2C3_EV_IRQHandler                                build/startup_stm32f407xx.o
MemManage_Handler                                 build/stm32f4xx_it.o
NMI_Handler                                       build/stm32f4xx_it.o
OTG_FS_IRQHandler                                 build/startup_stm32f407xx.o
OTG_FS_WKUP_IRQHandler                            build/startup_stm32f407xx.o
OTG_HS_EP1_IN_IRQHandler                          build/startup_stm32f407xx.o
OTG_HS_EP1_OUT_IRQHandler                         build/startup_stm32f407xx.o
OTG_HS_IRQHandler                                 build/startup_stm32f407xx.o
OTG_HS_WKUP_IRQHandler                            build/startup_stm32f407xx.o
PVD_IRQHandler                                    build/startup_stm32f407xx.o
PendSV_Handler                                    build/stm32f4xx_it.o
RCC_IRQHandler                                    build/startup_stm32f407xx.o
RTC_Alarm_IRQHandler                              build/startup_stm32f407xx.o
RTC_WKUP_IRQHandler                               build/startup_stm32f407xx.o
Reset_Handler                                     build/startup_stm32f407xx.o
SDIO_IRQHandler                                   build/startup_stm32f407xx.o
SPI1_IRQHandler                                   build/startup_stm32f407xx.o
SPI2_IRQHandler                                   build/startup_stm32f407xx.o
SPI3_IRQHandler                                   build/startup_stm32f407xx.o
SVC_Handler                                       build/stm32f4xx_it.o
SysTick_Handler                                   build/stm32f4xx_it.o
SystemClock_Config                                build/main.o
SystemCoreClock                                   build/system_stm32f4xx.o
                                                  build/stm32f4xx_hal.o
                                                  build/stm32f4xx_hal_dma.o
                                                  build/stm32f4xx_hal_rcc_ex.o
                                                  build/stm32f4xx_hal_rcc.o
SystemCoreClockUpdate                             build/system_stm32f4xx.o
SystemInit                                        build/system_stm32f4xx.o
                                                  build/startup_stm32f407xx.o
TAMP_STAMP_IRQHandler                             build/startup_stm32f407xx.o
TIM1_BRK_TIM9_IRQHandler                          build/startup_stm32f407xx.o
TIM1_CC_IRQHandler                                build/startup_stm32f407xx.o
TIM1_TRG_COM_TIM11_IRQHandler                     build/startup_stm32f407xx.o
TIM1_UP_TIM10_IRQHandler                          build/startup_stm32f407xx.o
TIM2_IRQHandler                                   build/startup_stm32f407xx.o
TIM3_IRQHandler                                   build/startup_stm32f407xx.o
TIM4_IRQHandler                                   build/startup_stm32f407xx.o
TIM5_IRQHandler                                   build/startup_stm32f407xx.o
TIM6_DAC_IRQHandler                               build/startup_stm32f407xx.o
TIM7_IRQHandler                                   build/startup_stm32f407xx.o
TIM8_BRK_TIM12_IRQHandler                         build/startup_stm32f407xx.o
TIM8_CC_IRQHandler                                build/startup_stm32f407xx.o
TIM8_TRG_COM_TIM14_IRQHandler                     build/startup_stm32f407xx.o
TIM8_UP_TIM13_IRQHandler                          build/startup_stm32f407xx.o
UART4_IRQHandler                                  build/startup_stm32f407xx.o
UART5_IRQHandler                                  build/startup_stm32f407xx.o
USART1_IRQHandler                                 build/startup_stm32f407xx.o
USART2_IRQHandler                                 build/startup_stm32f407xx.o
USART3_IRQHandler                                 build/startup_stm32f407xx.o
USART6_IRQHandler                                 build/startup_stm32f407xx.o
UsageFault_Handler                                build/stm32f4xx_it.o
WWDG_IRQHandler                                   build/startup_stm32f407xx.o
_Error_Handler                                    build/main.o
__aeabi_idiv0                                     /home/faoziaziz/Documents/installer/gcc-arm-none-eabi-7-2017-q4-major-linux/gcc-arm-none-eabi-7-2017-q4-major/bin/../lib/gcc/arm-none-eabi/7.2.1/thumb/v7e-m/fpv4-sp/hard/libgcc.a(_dvmd_tls.o)
__aeabi_ldiv0                                     /home/faoziaziz/Documents/installer/gcc-arm-none-eabi-7-2017-q4-major-linux/gcc-arm-none-eabi-7-2017-q4-major/bin/../lib/gcc/arm-none-eabi/7.2.1/thumb/v7e-m/fpv4-sp/hard/libgcc.a(_dvmd_tls.o)
                                                  /home/faoziaziz/Documents/installer/gcc-arm-none-eabi-7-2017-q4-major-linux/gcc-arm-none-eabi-7-2017-q4-major/bin/../lib/gcc/arm-none-eabi/7.2.1/thumb/v7e-m/fpv4-sp/hard/libgcc.a(_aeabi_uldivmod.o)
__aeabi_uldivmod                                  /home/faoziaziz/Documents/installer/gcc-arm-none-eabi-7-2017-q4-major-linux/gcc-arm-none-eabi-7-2017-q4-major/bin/../lib/gcc/arm-none-eabi/7.2.1/thumb/v7e-m/fpv4-sp/hard/libgcc.a(_aeabi_uldivmod.o)
                                                  build/stm32f4xx_hal_rcc.o
__bss_end__                                       /home/faoziaziz/Documents/installer/gcc-arm-none-eabi-7-2017-q4-major-linux/gcc-arm-none-eabi-7-2017-q4-major/bin/../lib/gcc/arm-none-eabi/7.2.1/../../../../arm-none-eabi/lib/thumb/v7e-m/fpv4-sp/hard/crt0.o
__bss_start__                                     /home/faoziaziz/Documents/installer/gcc-arm-none-eabi-7-2017-q4-major-linux/gcc-arm-none-eabi-7-2017-q4-major/bin/../lib/gcc/arm-none-eabi/7.2.1/../../../../arm-none-eabi/lib/thumb/v7e-m/fpv4-sp/hard/crt0.o
__call_exitprocs                                  /home/faoziaziz/Documents/installer/gcc-arm-none-eabi-7-2017-q4-major-linux/gcc-arm-none-eabi-7-2017-q4-major/bin/../lib/gcc/arm-none-eabi/7.2.1/../../../../arm-none-eabi/lib/thumb/v7e-m/fpv4-sp/hard/libc_nano.a(lib_a-exit.o)
__deregister_frame_info                           /home/faoziaziz/Documents/installer/gcc-arm-none-eabi-7-2017-q4-major-linux/gcc-arm-none-eabi-7-2017-q4-major/bin/../lib/gcc/arm-none-eabi/7.2.1/thumb/v7e-m/fpv4-sp/hard/crtbegin.o
__dso_handle                                      /home/faoziaziz/Documents/installer/gcc-arm-none-eabi-7-2017-q4-major-linux/gcc-arm-none-eabi-7-2017-q4-major/bin/../lib/gcc/arm-none-eabi/7.2.1/thumb/v7e-m/fpv4-sp/hard/crtbegin.o
__init_array_end                                  /home/faoziaziz/Documents/installer/gcc-arm-none-eabi-7-2017-q4-major-linux/gcc-arm-none-eabi-7-2017-q4-major/bin/../lib/gcc/arm-none-eabi/7.2.1/../../../../arm-none-eabi/lib/thumb/v7e-m/fpv4-sp/hard/libc_nano.a(lib_a-init.o)
__init_array_start                                /home/faoziaziz/Documents/installer/gcc-arm-none-eabi-7-2017-q4-major-linux/gcc-arm-none-eabi-7-2017-q4-major/bin/../lib/gcc/arm-none-eabi/7.2.1/../../../../arm-none-eabi/lib/thumb/v7e-m/fpv4-sp/hard/libc_nano.a(lib_a-init.o)
__libc_fini_array                                 /home/faoziaziz/Documents/installer/gcc-arm-none-eabi-7-2017-q4-major-linux/gcc-arm-none-eabi-7-2017-q4-major/bin/../lib/gcc/arm-none-eabi/7.2.1/../../../../arm-none-eabi/lib/thumb/v7e-m/fpv4-sp/hard/crt0.o
__libc_init_array                                 /home/faoziaziz/Documents/installer/gcc-arm-none-eabi-7-2017-q4-major-linux/gcc-arm-none-eabi-7-2017-q4-major/bin/../lib/gcc/arm-none-eabi/7.2.1/../../../../arm-none-eabi/lib/thumb/v7e-m/fpv4-sp/hard/libc_nano.a(lib_a-init.o)
                                                  build/startup_stm32f407xx.o
                                                  /home/faoziaziz/Documents/installer/gcc-arm-none-eabi-7-2017-q4-major-linux/gcc-arm-none-eabi-7-2017-q4-major/bin/../lib/gcc/arm-none-eabi/7.2.1/../../../../arm-none-eabi/lib/thumb/v7e-m/fpv4-sp/hard/crt0.o
__preinit_array_end                               /home/faoziaziz/Documents/installer/gcc-arm-none-eabi-7-2017-q4-major-linux/gcc-arm-none-eabi-7-2017-q4-major/bin/../lib/gcc/arm-none-eabi/7.2.1/../../../../arm-none-eabi/lib/thumb/v7e-m/fpv4-sp/hard/libc_nano.a(lib_a-init.o)
__preinit_array_start                             /home/faoziaziz/Documents/installer/gcc-arm-none-eabi-7-2017-q4-major-linux/gcc-arm-none-eabi-7-2017-q4-major/bin/../lib/gcc/arm-none-eabi/7.2.1/../../../../arm-none-eabi/lib/thumb/v7e-m/fpv4-sp/hard/libc_nano.a(lib_a-init.o)
__register_frame_info                             /home/faoziaziz/Documents/installer/gcc-arm-none-eabi-7-2017-q4-major-linux/gcc-arm-none-eabi-7-2017-q4-major/bin/../lib/gcc/arm-none-eabi/7.2.1/thumb/v7e-m/fpv4-sp/hard/crtbegin.o
__sf_fake_stderr                                  /home/faoziaziz/Documents/installer/gcc-arm-none-eabi-7-2017-q4-major-linux/gcc-arm-none-eabi-7-2017-q4-major/bin/../lib/gcc/arm-none-eabi/7.2.1/../../../../arm-none-eabi/lib/thumb/v7e-m/fpv4-sp/hard/libc_nano.a(lib_a-impure.o)
__sf_fake_stdin                                   /home/faoziaziz/Documents/installer/gcc-arm-none-eabi-7-2017-q4-major-linux/gcc-arm-none-eabi-7-2017-q4-major/bin/../lib/gcc/arm-none-eabi/7.2.1/../../../../arm-none-eabi/lib/thumb/v7e-m/fpv4-sp/hard/libc_nano.a(lib_a-impure.o)
__sf_fake_stdout                                  /home/faoziaziz/Documents/installer/gcc-arm-none-eabi-7-2017-q4-major-linux/gcc-arm-none-eabi-7-2017-q4-major/bin/../lib/gcc/arm-none-eabi/7.2.1/../../../../arm-none-eabi/lib/thumb/v7e-m/fpv4-sp/hard/libc_nano.a(lib_a-impure.o)
__stack                                           /home/faoziaziz/Documents/installer/gcc-arm-none-eabi-7-2017-q4-major-linux/gcc-arm-none-eabi-7-2017-q4-major/bin/../lib/gcc/arm-none-eabi/7.2.1/../../../../arm-none-eabi/lib/thumb/v7e-m/fpv4-sp/hard/crt0.o
__udivmoddi4                                      /home/faoziaziz/Documents/installer/gcc-arm-none-eabi-7-2017-q4-major-linux/gcc-arm-none-eabi-7-2017-q4-major/bin/../lib/gcc/arm-none-eabi/7.2.1/thumb/v7e-m/fpv4-sp/hard/libgcc.a(_udivmoddi4.o)
                                                  /home/faoziaziz/Documents/installer/gcc-arm-none-eabi-7-2017-q4-major-linux/gcc-arm-none-eabi-7-2017-q4-major/bin/../lib/gcc/arm-none-eabi/7.2.1/thumb/v7e-m/fpv4-sp/hard/libgcc.a(_aeabi_uldivmod.o)
_ebss                                             build/startup_stm32f407xx.o
_edata                                            build/startup_stm32f407xx.o
_estack                                           build/startup_stm32f407xx.o
_exit                                             /home/faoziaziz/Documents/installer/gcc-arm-none-eabi-7-2017-q4-major-linux/gcc-arm-none-eabi-7-2017-q4-major/bin/../lib/gcc/arm-none-eabi/7.2.1/../../../../arm-none-eabi/lib/thumb/v7e-m/fpv4-sp/hard/libnosys.a(_exit.o)
                                                  /home/faoziaziz/Documents/installer/gcc-arm-none-eabi-7-2017-q4-major-linux/gcc-arm-none-eabi-7-2017-q4-major/bin/../lib/gcc/arm-none-eabi/7.2.1/../../../../arm-none-eabi/lib/thumb/v7e-m/fpv4-sp/hard/libc_nano.a(lib_a-exit.o)
_fini                                             /home/faoziaziz/Documents/installer/gcc-arm-none-eabi-7-2017-q4-major-linux/gcc-arm-none-eabi-7-2017-q4-major/bin/../lib/gcc/arm-none-eabi/7.2.1/thumb/v7e-m/fpv4-sp/hard/crti.o
_global_impure_ptr                                /home/faoziaziz/Documents/installer/gcc-arm-none-eabi-7-2017-q4-major-linux/gcc-arm-none-eabi-7-2017-q4-major/bin/../lib/gcc/arm-none-eabi/7.2.1/../../../../arm-none-eabi/lib/thumb/v7e-m/fpv4-sp/hard/libc_nano.a(lib_a-impure.o)
                                                  /home/faoziaziz/Documents/installer/gcc-arm-none-eabi-7-2017-q4-major-linux/gcc-arm-none-eabi-7-2017-q4-major/bin/../lib/gcc/arm-none-eabi/7.2.1/../../../../arm-none-eabi/lib/thumb/v7e-m/fpv4-sp/hard/libc_nano.a(lib_a-exit.o)
_impure_ptr                                       /home/faoziaziz/Documents/installer/gcc-arm-none-eabi-7-2017-q4-major-linux/gcc-arm-none-eabi-7-2017-q4-major/bin/../lib/gcc/arm-none-eabi/7.2.1/../../../../arm-none-eabi/lib/thumb/v7e-m/fpv4-sp/hard/libc_nano.a(lib_a-impure.o)
_init                                             /home/faoziaziz/Documents/installer/gcc-arm-none-eabi-7-2017-q4-major-linux/gcc-arm-none-eabi-7-2017-q4-major/bin/../lib/gcc/arm-none-eabi/7.2.1/thumb/v7e-m/fpv4-sp/hard/crti.o
                                                  /home/faoziaziz/Documents/installer/gcc-arm-none-eabi-7-2017-q4-major-linux/gcc-arm-none-eabi-7-2017-q4-major/bin/../lib/gcc/arm-none-eabi/7.2.1/../../../../arm-none-eabi/lib/thumb/v7e-m/fpv4-sp/hard/libc_nano.a(lib_a-init.o)
_mainCRTStartup                                   /home/faoziaziz/Documents/installer/gcc-arm-none-eabi-7-2017-q4-major-linux/gcc-arm-none-eabi-7-2017-q4-major/bin/../lib/gcc/arm-none-eabi/7.2.1/../../../../arm-none-eabi/lib/thumb/v7e-m/fpv4-sp/hard/crt0.o
_sbss                                             build/startup_stm32f407xx.o
_sdata                                            build/startup_stm32f407xx.o
_sidata                                           build/startup_stm32f407xx.o
_start                                            /home/faoziaziz/Documents/installer/gcc-arm-none-eabi-7-2017-q4-major-linux/gcc-arm-none-eabi-7-2017-q4-major/bin/../lib/gcc/arm-none-eabi/7.2.1/../../../../arm-none-eabi/lib/thumb/v7e-m/fpv4-sp/hard/crt0.o
atexit                                            /home/faoziaziz/Documents/installer/gcc-arm-none-eabi-7-2017-q4-major-linux/gcc-arm-none-eabi-7-2017-q4-major/bin/../lib/gcc/arm-none-eabi/7.2.1/../../../../arm-none-eabi/lib/thumb/v7e-m/fpv4-sp/hard/crt0.o
exit                                              /home/faoziaziz/Documents/installer/gcc-arm-none-eabi-7-2017-q4-major-linux/gcc-arm-none-eabi-7-2017-q4-major/bin/../lib/gcc/arm-none-eabi/7.2.1/../../../../arm-none-eabi/lib/thumb/v7e-m/fpv4-sp/hard/libc_nano.a(lib_a-exit.o)
                                                  /home/faoziaziz/Documents/installer/gcc-arm-none-eabi-7-2017-q4-major-linux/gcc-arm-none-eabi-7-2017-q4-major/bin/../lib/gcc/arm-none-eabi/7.2.1/../../../../arm-none-eabi/lib/thumb/v7e-m/fpv4-sp/hard/crt0.o
g_pfnVectors                                      build/startup_stm32f407xx.o
hardware_init_hook                                /home/faoziaziz/Documents/installer/gcc-arm-none-eabi-7-2017-q4-major-linux/gcc-arm-none-eabi-7-2017-q4-major/bin/../lib/gcc/arm-none-eabi/7.2.1/../../../../arm-none-eabi/lib/thumb/v7e-m/fpv4-sp/hard/crt0.o
main                                              build/main.o
                                                  build/startup_stm32f407xx.o
                                                  /home/faoziaziz/Documents/installer/gcc-arm-none-eabi-7-2017-q4-major-linux/gcc-arm-none-eabi-7-2017-q4-major/bin/../lib/gcc/arm-none-eabi/7.2.1/../../../../arm-none-eabi/lib/thumb/v7e-m/fpv4-sp/hard/crt0.o
memset                                            /home/faoziaziz/Documents/installer/gcc-arm-none-eabi-7-2017-q4-major-linux/gcc-arm-none-eabi-7-2017-q4-major/bin/../lib/gcc/arm-none-eabi/7.2.1/../../../../arm-none-eabi/lib/thumb/v7e-m/fpv4-sp/hard/libc_nano.a(lib_a-memset.o)
                                                  /home/faoziaziz/Documents/installer/gcc-arm-none-eabi-7-2017-q4-major-linux/gcc-arm-none-eabi-7-2017-q4-major/bin/../lib/gcc/arm-none-eabi/7.2.1/../../../../arm-none-eabi/lib/thumb/v7e-m/fpv4-sp/hard/crt0.o
pFlash                                            build/stm32f4xx_hal_flash.o
                                                  build/stm32f4xx_hal_flash_ex.o
software_init_hook                                /home/faoziaziz/Documents/installer/gcc-arm-none-eabi-7-2017-q4-major-linux/gcc-arm-none-eabi-7-2017-q4-major/bin/../lib/gcc/arm-none-eabi/7.2.1/../../../../arm-none-eabi/lib/thumb/v7e-m/fpv4-sp/hard/crt0.o
uwTick                                            build/stm32f4xx_hal.o
uwTickFreq                                        build/stm32f4xx_hal.o
uwTickPrio                                        build/stm32f4xx_hal.o
